// Jest Snapshot v1, https://jestjs.io/docs/snapshot-testing

exports[`AI Classification TDD prompt structure should remain stable 1`] = `
"
        You are a ticket classification engine.

        You MUST return ONLY valid JSON.
        Do NOT include explanations.

        Allowed priority values:
        - high
        - medium
        - low

        Allowed category values:
        - incident
        - billing
        - technical
        - feature
        - general

        Output format:
        {
        "priority": "high | medium | low",
        "category": "incident | billing | technical | feature | general",
        "confidence": number between 0 and 1
        }

        Context:
        None

        Ticket:
        Title: Server down urgent
        Description: Production is offline

        Classify this ticket.
        Return structured JSON only.
        "
`;
